<?xml version="1.0" encoding="UTF-8"?>
<testsuites>
  <testsuite name="App\Tests\Entity\TracksTest" file="C:\Users\iwanb\Desktop\School\Jaar_3\TNW\Semester 3\Sidequest\Autocross_Academy\Autocross_Academy\tests\Trackstest.php" tests="2" assertions="7" errors="0" warnings="0" failures="0" skipped="0" time="3.232516">
    <testcase name="testGettersAndSetters" class="App\Tests\Entity\TracksTest" classname="App.Tests.Entity.TracksTest" file="C:\Users\iwanb\Desktop\School\Jaar_3\TNW\Semester 3\Sidequest\Autocross_Academy\Autocross_Academy\tests\Trackstest.php" line="17" assertions="5" time="3.226253"/>
    <testcase name="testPOISRelationship" class="App\Tests\Entity\TracksTest" classname="App.Tests.Entity.TracksTest" file="C:\Users\iwanb\Desktop\School\Jaar_3\TNW\Semester 3\Sidequest\Autocross_Academy\Autocross_Academy\tests\Trackstest.php" line="37" assertions="2" time="0.006264"/>
  </testsuite>
</testsuites>
